$2 = tile_window_with_static_distribution{
  data_type: float16
  window_dims: [128 x 64]

  tile_dstr_: tile_distribution{
    encoding: {
      RsLengths: [1]
      HsLengthss: [[4, 4, 8], [8, 8]]
      Ps2RHssMajor: [[1], [1, 2]]
      Ps2RHssMinor: [[1], [2, 0]]
      Ys2RHsMajor: [1, 2]
      Ys2RHsMinor: [0, 1]
      Ps mappings (with lengths):
        P[0]:
          -> H0[1] (length=4)
        P[1]:
          -> H0[2] (length=8)
          -> H1[0] (length=8)
      Ys mappings (with lengths):
        Y[0] -> H0[0] (length=4)
        Y[1] -> H1[1] (length=8)
    }
  
    ps_ys_to_xs_: tensor_adaptor{
      ntransform: 5
      bottom_dimension_ids: [0, 1]
      top_dimension_ids: [8, 9, 3, 7]
    
      Transforms:
        [0] replicate
            upper: [2]
            up_lengths: [1]
        [1] unmerge
            lower: [0]
            upper: [3, 4, 5]
            up_lengths: [4, 4, 8]
        [2] unmerge
            lower: [1]
            upper: [6, 7]
            up_lengths: [8, 8]
        [3] merge_v2
            lower: [4]
            upper: [8]
            up_lengths: [4]
            low_lengths: [4]
        [4] merge_v2
            lower: [5, 6]
            upper: [9]
            up_lengths: [64]
            low_lengths: [8, 8]
    }
  
    ys_to_d_: tensor_descriptor{
      element_space_size: 32
      ntransform: 1
      ndim_hidden: 3
      ndim_top: 2
      ndim_bottom: 1
      bottom_dimension_ids: [0]
      top_dimension_ids: [1, 2]
    
      Transforms:
        [0] unmerge
            lower: [0]
            upper: [1, 2]
            up_lengths: [4, 8]
    }
  }

  bottom_tensor_view_: tensor_view{
    data_type: float16
    const: true
  
    descriptor: tensor_descriptor{
      element_space_size: 13631488
      ntransform: 1
      ndim_hidden: 3
      ndim_top: 2
      ndim_bottom: 1
      bottom_dimension_ids: [0]
      top_dimension_ids: [1, 2]
    
      Transforms:
        [0] embed
            lower: [0]
            upper: [1, 2]
            up_lengths: [3328, 4096]
            coefficients: [4096, 1]
    }
  }

  pre_computed_coords_: present
}
